BL51 BANKED LINKER/LOCATER V6.22.2.0                                                    03/28/2021  08:46:47  PAGE 1


BL51 BANKED LINKER/LOCATER V6.22.2.0, INVOKED BY:
D:\KEIL_V5\C51\BIN\BL51.EXE Drive_1602.obj, Drive_I2C.obj, Drive_DS1302.obj, Drive_DS18B20.obj, Drive_AT24C01.obj, HongW
>> ai.obj, MainV1-1.obj, zifu_show.obj, Drive_NRF24L01.obj TO Test RAMSIZE (256)


MEMORY MODEL: COMPACT


INPUT MODULES INCLUDED:
  Drive_1602.obj (DRIVE_1602)
  Drive_I2C.obj (DRIVE_I2C)
  Drive_DS1302.obj (DRIVE_DS1302)
  Drive_DS18B20.obj (DRIVE_DS18B20)
  Drive_AT24C01.obj (DRIVE_AT24C01)
  HongWai.obj (HONGWAI)
  MainV1-1.obj (MAINV1_1)
  zifu_show.obj (ZIFU_SHOW)
  Drive_NRF24L01.obj (DRIVE_NRF24L01)
  D:\KEIL_V5\C51\LIB\C51C.LIB (?C_STARTUP)
  D:\KEIL_V5\C51\LIB\C51C.LIB (?C?COPY)
  D:\KEIL_V5\C51\LIB\C51C.LIB (?C?CLDPTR)
  D:\KEIL_V5\C51\LIB\C51C.LIB (?C?CLDOPTR)
  D:\KEIL_V5\C51\LIB\C51C.LIB (?C?CSTPTR)
  D:\KEIL_V5\C51\LIB\C51C.LIB (?C?CSTOPTR)
  D:\KEIL_V5\C51\LIB\C51C.LIB (?C?IMUL)
  D:\KEIL_V5\C51\LIB\C51C.LIB (?C?UIDIV)
  D:\KEIL_V5\C51\LIB\C51C.LIB (?C?ULSHR)
  D:\KEIL_V5\C51\LIB\C51C.LIB (?C?LSTPDATA)
  D:\KEIL_V5\C51\LIB\C51C.LIB (?C?CCASE)
  D:\KEIL_V5\C51\LIB\C51C.LIB (?C_INIT)


LINK MAP OF MODULE:  Test (DRIVE_1602)


            TYPE    BASE      LENGTH    RELOCATION   SEGMENT NAME
            -----------------------------------------------------

            * * * * * * *   D A T A   M E M O R Y   * * * * * * *
            REG     0000H     0008H     ABSOLUTE     "REG BANK 0"
                    0008H     0018H                  *** GAP ***
            DATA    0020H     0001H     BIT_ADDR     ?BA?DRIVE_NRF24L01
            BIT     0021H.0   0000H.4   UNIT         ?BI?MAINV1_1
            BIT     0021H.4   0000H.2   UNIT         _BIT_GROUP_
            BIT     0021H.6   0000H.1   UNIT         ?BI?_ADDRESSING_AT24C01?DRIVE_AT24C01
            BIT     0021H.7   0000H.1   UNIT         ?BI?HONGWAI
            IDATA   0022H     0001H     UNIT         ?STACK

            * * * * * * *  X D A T A   M E M O R Y  * * * * * * *
            XDATA   0000H     0003H     INPAGE       ?PD?_WRBURST_1302?DRIVE_DS1302
            XDATA   0003H     0001H     INPAGE       ?PD?_RDBURST_1302?DRIVE_DS1302
            XDATA   0004H     0005H     INPAGE       ?PD?_WRSTR_AT24C01?DRIVE_AT24C01
            XDATA   0009H     0005H     INPAGE       ?PD?_RDSTR_AT24C01?DRIVE_AT24C01
            XDATA   000EH     0001H     INPAGE       ?PD?_ADDRESSING_AT24C01?DRIVE_AT24C01
            XDATA   000FH     0004H     INPAGE       ?PD?HONGWAI
            XDATA   0013H     0003H     INPAGE       ?PD?_VALUETOSTRING?MAINV1_1
            XDATA   0016H     004CH     INPAGE       ?PD?MAINV1_1
            XDATA   0062H     0003H     INPAGE       ?PD?_NRFSETTXMODE?DRIVE_NRF24L01
BL51 BANKED LINKER/LOCATER V6.22.2.0                                                  03/28/2021  08:46:47  PAGE 2


            XDATA   0065H     0025H     INPAGE       _PDATA_GROUP_

            * * * * * * *   C O D E   M E M O R Y   * * * * * * *
            CODE    0000H     0003H     ABSOLUTE     
            CODE    0003H     0010H     UNIT         ?PR?INIT_T1?MAINV1_1
            CODE    0013H     0003H     ABSOLUTE     
            CODE    0016H     0005H     UNIT         ?CO?DRIVE_NRF24L01
            CODE    001BH     0003H     ABSOLUTE     
                    001EH     0005H                  *** GAP ***
            CODE    0023H     0003H     ABSOLUTE     
            CODE    0026H     0470H     UNIT         ?PR?MAIN?MAINV1_1
            CODE    0496H     02A1H     UNIT         ?PR?_DISP_TIME?MAINV1_1
            CODE    0737H     021CH     UNIT         ?C?LIB_CODE
            CODE    0953H     01A5H     UNIT         ?PR?TIMER1?MAINV1_1
            CODE    0AF8H     0151H     UNIT         ?CO?MAINV1_1
            CODE    0C49H     0100H     UNIT         ?CO?ZIFU_SHOW
            CODE    0D49H     00F4H     UNIT         ?PR?_INIT_GRAM?ZIFU_SHOW
            CODE    0E3DH     00F1H     UNIT         ?PR?INT0?HONGWAI
            CODE    0F2EH     008CH     UNIT         ?C_C51STARTUP
            CODE    0FBAH     0079H     UNIT         ?C_INITSEG
            CODE    1033H     006AH     UNIT         ?PR?_RDSTR_AT24C01?DRIVE_AT24C01
            CODE    109DH     0067H     UNIT         ?PR?_WRSTR_AT24C01?DRIVE_AT24C01
            CODE    1104H     0060H     UNIT         ?PR?_WRITE_CGRAM?ZIFU_SHOW
            CODE    1164H     005BH     UNIT         ?PR?_NRFSETTXMODE?DRIVE_NRF24L01
            CODE    11BFH     0052H     UNIT         ?PR?_VALUETOSTRING?MAINV1_1
            CODE    1211H     0048H     UNIT         ?PR?_DISP_1602_STR?DRIVE_1602
            CODE    1259H     0041H     UNIT         ?PR?_INIT_1302?DRIVE_DS1302
            CODE    129AH     0041H     UNIT         ?PR?_NRFREVDATE?DRIVE_NRF24L01
            CODE    12DBH     003FH     UNIT         ?PR?_NRFWRITETXDATE?DRIVE_NRF24L01
            CODE    131AH     0039H     UNIT         ?PR?_WRBURST_1302?DRIVE_DS1302
            CODE    1353H     0039H     UNIT         ?PR?_SEND_STRING?MAINV1_1
            CODE    138CH     0034H     UNIT         ?PR?T_COUNT?HONGWAI
            CODE    13C0H     0034H     UNIT         ?PR?_DISP_POWERUP_TIMES?MAINV1_1
            CODE    13F4H     0032H     UNIT         ?PR?_NRFSPI?DRIVE_NRF24L01
            CODE    1426H     0032H     UNIT         ?PR?_NRFREADRXDATE?DRIVE_NRF24L01
            CODE    1458H     0031H     UNIT         ?PR?RDBYTE_18B20?DRIVE_DS18B20
            CODE    1489H     002FH     UNIT         ?PR?_GETTIME?DRIVE_DS1302
            CODE    14B8H     002FH     UNIT         ?PR?_RDBYTE_AT24C01?DRIVE_AT24C01
            CODE    14E7H     002DH     UNIT         ?PR?_RDBURST_1302?DRIVE_DS1302
            CODE    1514H     002DH     UNIT         ?PR?GETT_18B20?DRIVE_DS18B20
            CODE    1541H     002CH     UNIT         ?PR?_WR_I2C?DRIVE_I2C
            CODE    156DH     002CH     UNIT         ?PR?NRFSETRXMODE?DRIVE_NRF24L01
            CODE    1599H     002AH     UNIT         ?PR?RDACK_I2C?DRIVE_I2C
            CODE    15C3H     0029H     UNIT         ?PR?_WRBYTE_18B20?DRIVE_DS18B20
            CODE    15ECH     0028H     UNIT         ?PR?RDNAK_I2C?DRIVE_I2C
            CODE    1614H     0025H     UNIT         ?PR?RDBYTE_1302?DRIVE_DS1302
            CODE    1639H     0025H     UNIT         ?PR?_WRBYTE_AT24C01?DRIVE_AT24C01
            CODE    165EH     0024H     UNIT         ?PR?_DELAYMS?MAINV1_1
            CODE    1682H     0024H     UNIT         ?PR?_DELAYMSGRAM?ZIFU_SHOW
            CODE    16A6H     0023H     UNIT         ?PR?CHECKACK?DRIVE_NRF24L01
            CODE    16C9H     0021H     UNIT         ?PR?UART_R?MAINV1_1
            CODE    16EAH     0020H     UNIT         ?PR?_WRBYTE_1302?DRIVE_DS1302
            CODE    170AH     001EH     UNIT         ?PR?_DELAY?DRIVE_NRF24L01
            CODE    1728H     001AH     UNIT         ?PR?_NRFWRITEREG?DRIVE_NRF24L01
            CODE    1742H     0018H     UNIT         ?PR?_ADDRESSING_AT24C01?DRIVE_AT24C01
            CODE    175AH     0016H     UNIT         ?PR?INIT_DS18B20?DRIVE_DS18B20
            CODE    1770H     0015H     UNIT         ?PR?_WR_CMD?DRIVE_1602
BL51 BANKED LINKER/LOCATER V6.22.2.0                                                  03/28/2021  08:46:47  PAGE 3


            CODE    1785H     0015H     UNIT         ?PR?_WR_DAT?DRIVE_1602
            CODE    179AH     0015H     UNIT         ?PR?UART_INIT?MAINV1_1
            CODE    17AFH     0014H     UNIT         ?PR?INIT_1602?DRIVE_1602
            CODE    17C3H     0013H     UNIT         ?PR?INITIR?HONGWAI
            CODE    17D6H     0011H     UNIT         ?PR?_DELAYT_10US?DRIVE_DS18B20
            CODE    17E7H     0010H     UNIT         ?PR?NRF24L01INT?DRIVE_NRF24L01
            CODE    17F7H     000FH     UNIT         ?PR?STOP_I2C?DRIVE_I2C
            CODE    1806H     000FH     UNIT         ?PR?_WRSINGLE_1302?DRIVE_DS1302
            CODE    1815H     000EH     UNIT         ?PR?INIT_FM?MAINV1_1
            CODE    1823H     000DH     UNIT         ?PR?START_I2C?DRIVE_I2C
            CODE    1830H     000DH     UNIT         ?PR?_NRFREADREG?DRIVE_NRF24L01
            CODE    183DH     000CH     UNIT         ?PR?DELAY_I2C?DRIVE_I2C
            CODE    1849H     000BH     UNIT         ?PR?READY?DRIVE_1602
            CODE    1854H     000BH     UNIT         ?PR?RD_STA?DRIVE_1602
            CODE    185FH     000BH     UNIT         ?PR?_RDSINGLE_1302?DRIVE_DS1302
            CODE    186AH     0008H     UNIT         ?PR?INIT_SHUMA?MAINV1_1



OVERLAY MAP OF MODULE:   Test (DRIVE_1602)


SEGMENT                                          BIT_GROUP          PDATA_GROUP
  +--> CALLED SEGMENT                         START    LENGTH     START    LENGTH
---------------------------------------------------------------------------------
?PR?INT0?HONGWAI                              -----    -----      0065H    0002H
  +--> ?PR?T_COUNT?HONGWAI

?PR?T_COUNT?HONGWAI                           0021H.4  0000H.1    -----    -----

*** NEW ROOT ***************************************************

?PR?TIMER1?MAINV1_1                           -----    -----      -----    -----
  +--> ?CO?MAINV1_1

*** NEW ROOT ***************************************************

?C_C51STARTUP                                 -----    -----      -----    -----
  +--> ?PR?MAIN?MAINV1_1
  +--> ?C_INITSEG

?PR?MAIN?MAINV1_1                             -----    -----      0067H    0019H
  +--> ?CO?MAINV1_1
  +--> ?PR?NRF24L01INT?DRIVE_NRF24L01
  +--> ?PR?INIT_SHUMA?MAINV1_1
  +--> ?PR?UART_INIT?MAINV1_1
  +--> ?PR?INITIR?HONGWAI
  +--> ?PR?INIT_T1?MAINV1_1
  +--> ?PR?INIT_FM?MAINV1_1
  +--> ?PR?_INIT_1302?DRIVE_DS1302
  +--> ?PR?_RDBYTE_AT24C01?DRIVE_AT24C01
  +--> ?PR?_WRBYTE_AT24C01?DRIVE_AT24C01
  +--> ?PR?INIT_1602?DRIVE_1602
  +--> ?PR?_INIT_GRAM?ZIFU_SHOW
  +--> ?PR?_DISP_POWERUP_TIMES?MAINV1_1
  +--> ?PR?_SEND_STRING?MAINV1_1
  +--> ?PR?_DISP_TIME?MAINV1_1
BL51 BANKED LINKER/LOCATER V6.22.2.0                                                  03/28/2021  08:46:47  PAGE 4


  +--> ?PR?GETT_18B20?DRIVE_DS18B20
  +--> ?PR?_DISP_1602_STR?DRIVE_1602
  +--> ?PR?NRFSETRXMODE?DRIVE_NRF24L01
  +--> ?PR?_NRFREVDATE?DRIVE_NRF24L01

?PR?NRF24L01INT?DRIVE_NRF24L01                -----    -----      -----    -----
  +--> ?PR?_DELAY?DRIVE_NRF24L01

?PR?INIT_FM?MAINV1_1                          -----    -----      -----    -----
  +--> ?PR?_DELAYMS?MAINV1_1

?PR?_INIT_1302?DRIVE_DS1302                   -----    -----      0080H    0003H
  +--> ?PR?_WRSINGLE_1302?DRIVE_DS1302

?PR?_WRSINGLE_1302?DRIVE_DS1302               -----    -----      -----    -----
  +--> ?PR?_WRBYTE_1302?DRIVE_DS1302

?PR?_WRBYTE_1302?DRIVE_DS1302                 0021H.5  0000H.1    -----    -----

?PR?_RDBYTE_AT24C01?DRIVE_AT24C01             -----    -----      0080H    0002H
  +--> ?PR?START_I2C?DRIVE_I2C
  +--> ?PR?_WR_I2C?DRIVE_I2C
  +--> ?PR?RDNAK_I2C?DRIVE_I2C
  +--> ?PR?STOP_I2C?DRIVE_I2C

?PR?START_I2C?DRIVE_I2C                       -----    -----      -----    -----
  +--> ?PR?DELAY_I2C?DRIVE_I2C

?PR?_WR_I2C?DRIVE_I2C                         0021H.5  0000H.1    -----    -----
  +--> ?PR?DELAY_I2C?DRIVE_I2C

?PR?RDNAK_I2C?DRIVE_I2C                       -----    -----      -----    -----
  +--> ?PR?DELAY_I2C?DRIVE_I2C

?PR?STOP_I2C?DRIVE_I2C                        -----    -----      -----    -----
  +--> ?PR?DELAY_I2C?DRIVE_I2C

?PR?_WRBYTE_AT24C01?DRIVE_AT24C01             -----    -----      0080H    0002H
  +--> ?PR?START_I2C?DRIVE_I2C
  +--> ?PR?_WR_I2C?DRIVE_I2C
  +--> ?PR?STOP_I2C?DRIVE_I2C

?PR?INIT_1602?DRIVE_1602                      -----    -----      -----    -----
  +--> ?PR?_WR_CMD?DRIVE_1602

?PR?_WR_CMD?DRIVE_1602                        -----    -----      0089H    0001H
  +--> ?PR?READY?DRIVE_1602

?PR?READY?DRIVE_1602                          -----    -----      -----    -----
  +--> ?PR?RD_STA?DRIVE_1602

?PR?_INIT_GRAM?ZIFU_SHOW                      -----    -----      0080H    0005H
  +--> ?PR?_WRITE_CGRAM?ZIFU_SHOW
  +--> ?PR?_WR_CMD?DRIVE_1602
  +--> ?PR?_WR_DAT?DRIVE_1602
  +--> ?PR?_DELAYMSGRAM?ZIFU_SHOW

BL51 BANKED LINKER/LOCATER V6.22.2.0                                                  03/28/2021  08:46:47  PAGE 5


?PR?_WRITE_CGRAM?ZIFU_SHOW                    -----    -----      0085H    0003H
  +--> ?PR?_WR_CMD?DRIVE_1602
  +--> ?CO?ZIFU_SHOW
  +--> ?PR?_WR_DAT?DRIVE_1602

?PR?_WR_DAT?DRIVE_1602                        -----    -----      0089H    0001H
  +--> ?PR?READY?DRIVE_1602

?PR?_DISP_POWERUP_TIMES?MAINV1_1              -----    -----      -----    -----
  +--> ?PR?_DISP_1602_STR?DRIVE_1602

?PR?_DISP_1602_STR?DRIVE_1602                 -----    -----      0086H    0003H
  +--> ?PR?_WR_CMD?DRIVE_1602
  +--> ?PR?_WR_DAT?DRIVE_1602

?PR?_SEND_STRING?MAINV1_1                     -----    -----      0080H    0003H

?PR?_DISP_TIME?MAINV1_1                       -----    -----      0080H    0006H
  +--> ?PR?_GETTIME?DRIVE_DS1302
  +--> ?PR?_DISP_1602_STR?DRIVE_1602

?PR?_GETTIME?DRIVE_DS1302                     -----    -----      0086H    0001H
  +--> ?PR?_RDSINGLE_1302?DRIVE_DS1302

?PR?_RDSINGLE_1302?DRIVE_DS1302               -----    -----      -----    -----
  +--> ?PR?_WRBYTE_1302?DRIVE_DS1302
  +--> ?PR?RDBYTE_1302?DRIVE_DS1302

?PR?GETT_18B20?DRIVE_DS18B20                  -----    -----      -----    -----
  +--> ?PR?INIT_DS18B20?DRIVE_DS18B20
  +--> ?PR?_WRBYTE_18B20?DRIVE_DS18B20
  +--> ?PR?RDBYTE_18B20?DRIVE_DS18B20

?PR?INIT_DS18B20?DRIVE_DS18B20                -----    -----      -----    -----
  +--> ?PR?_DELAYT_10US?DRIVE_DS18B20

?PR?_WRBYTE_18B20?DRIVE_DS18B20               0021H.5  0000H.1    -----    -----
  +--> ?PR?_DELAYT_10US?DRIVE_DS18B20

?PR?RDBYTE_18B20?DRIVE_DS18B20                -----    -----      -----    -----
  +--> ?PR?_DELAYT_10US?DRIVE_DS18B20

?PR?NRFSETRXMODE?DRIVE_NRF24L01               -----    -----      -----    -----
  +--> ?PR?_NRFWRITETXDATE?DRIVE_NRF24L01
  +--> ?PR?_NRFWRITEREG?DRIVE_NRF24L01
  +--> ?PR?_DELAY?DRIVE_NRF24L01

?PR?_NRFWRITETXDATE?DRIVE_NRF24L01            -----    -----      0080H    0005H
  +--> ?CO?DRIVE_NRF24L01
  +--> ?PR?_NRFSPI?DRIVE_NRF24L01

?PR?_NRFWRITEREG?DRIVE_NRF24L01               -----    -----      -----    -----
  +--> ?PR?_NRFSPI?DRIVE_NRF24L01

?PR?_NRFREVDATE?DRIVE_NRF24L01                -----    -----      0080H    0003H
  +--> ?PR?_NRFREADREG?DRIVE_NRF24L01
  +--> ?PR?_NRFREADRXDATE?DRIVE_NRF24L01
BL51 BANKED LINKER/LOCATER V6.22.2.0                                                  03/28/2021  08:46:47  PAGE 6


  +--> ?PR?_NRFWRITEREG?DRIVE_NRF24L01
  +--> ?PR?_NRFSPI?DRIVE_NRF24L01

?PR?_NRFREADREG?DRIVE_NRF24L01                -----    -----      -----    -----
  +--> ?PR?_NRFSPI?DRIVE_NRF24L01

?PR?_NRFREADRXDATE?DRIVE_NRF24L01             -----    -----      0083H    0005H
  +--> ?PR?_NRFSPI?DRIVE_NRF24L01



SYMBOL TABLE OF MODULE:  Test (DRIVE_1602)

  VALUE           TYPE          NAME
  ----------------------------------

  -------         MODULE        DRIVE_1602
  C:0000H         SYMBOL        _ICE_DUMMY_
  D:0090H         PUBLIC        P1
  D:00A0H         PUBLIC        P2
  D:00B0H         PUBLIC        P3
  D:00E8H         PUBLIC        P4
  B:00A8H.7       PUBLIC        EA
  D:00A8H         PUBLIC        IE
  D:00B8H         PUBLIC        IP
  C:1770H         PUBLIC        _WR_Cmd
  C:1785H         PUBLIC        _WR_Dat
  D:0098H         PUBLIC        SCON
  D:0088H         PUBLIC        TCON
  B:00B0H.4       PUBLIC        EN_1602
  C:1854H         PUBLIC        RD_sta
  C:17AFH         PUBLIC        Init_1602
  B:00B0H.6       PUBLIC        RS_1602
  B:00B0H.5       PUBLIC        RW_1602
  D:00C8H         PUBLIC        T2CON
  C:1849H         PUBLIC        Ready
  C:1211H         PUBLIC        _Disp_1602_str
  D:00D0H         PUBLIC        PSW
  -------         PROC          _DISP_1602_STR
  D:0007H         SYMBOL        row
  D:0005H         SYMBOL        column
  X:0086H         SYMBOL        str
  -------         DO            
  D:0007H         SYMBOL        addr
  -------         ENDDO         
  C:1211H         LINE#         9
  C:121BH         LINE#         10
  C:121BH         LINE#         13
  C:121DH         LINE#         14
  C:1227H         LINE#         15
  C:122DH         LINE#         17
  C:123CH         LINE#         18
  C:123CH         LINE#         19
  C:1254H         LINE#         20
  C:1256H         LINE#         21
  C:1258H         LINE#         22
  -------         ENDPROC       _DISP_1602_STR
BL51 BANKED LINKER/LOCATER V6.22.2.0                                                  03/28/2021  08:46:47  PAGE 7


  -------         PROC          INIT_1602
  C:17AFH         LINE#         24
  C:17AFH         LINE#         25
  C:17AFH         LINE#         26
  C:17B4H         LINE#         27
  C:17B9H         LINE#         28
  C:17BEH         LINE#         29
  -------         ENDPROC       INIT_1602
  -------         PROC          READY
  C:1849H         LINE#         31
  C:1849H         LINE#         32
  C:1849H         LINE#         33
  C:184CH         LINE#         34
  C:1853H         LINE#         35
  -------         ENDPROC       READY
  -------         PROC          RD_STA
  -------         DO            
  D:0007H         SYMBOL        sta
  -------         ENDDO         
  C:1854H         LINE#         37
  C:1854H         LINE#         38
  C:1854H         LINE#         41
  C:1856H         LINE#         42
  C:1858H         LINE#         44
  C:185AH         LINE#         45
  C:185CH         LINE#         46
  C:185EH         LINE#         48
  C:185EH         LINE#         49
  -------         ENDPROC       RD_STA
  -------         PROC          _WR_CMD
  X:0089H         SYMBOL        cmd
  C:1770H         LINE#         50
  C:1774H         LINE#         51
  C:1774H         LINE#         52
  C:1777H         LINE#         54
  C:1779H         LINE#         55
  C:177BH         LINE#         57
  C:1780H         LINE#         59
  C:1782H         LINE#         60
  C:1784H         LINE#         61
  -------         ENDPROC       _WR_CMD
  -------         PROC          _WR_DAT
  X:0089H         SYMBOL        dat
  C:1785H         LINE#         62
  C:1789H         LINE#         63
  C:1789H         LINE#         64
  C:178CH         LINE#         66
  C:178EH         LINE#         67
  C:1790H         LINE#         69
  C:1795H         LINE#         71
  C:1797H         LINE#         72
  C:1799H         LINE#         73
  -------         ENDPROC       _WR_DAT
  -------         ENDMOD        DRIVE_1602

  -------         MODULE        DRIVE_I2C
  C:0000H         SYMBOL        _ICE_DUMMY_
BL51 BANKED LINKER/LOCATER V6.22.2.0                                                  03/28/2021  08:46:47  PAGE 8


  D:0080H         PUBLIC        P0
  D:0090H         PUBLIC        P1
  B:0080H.1       PUBLIC        SCL_I2C
  D:00B0H         PUBLIC        P3
  D:00E8H         PUBLIC        P4
  D:00A8H         PUBLIC        IE
  C:1844H         PUBLIC        Delay_I2C
  D:00B8H         PUBLIC        IP
  C:1599H         PUBLIC        RdACK_I2C
  C:1823H         PUBLIC        Start_I2C
  C:15ECH         PUBLIC        RdNAK_I2C
  D:0098H         PUBLIC        SCON
  D:0088H         PUBLIC        TCON
  C:17F7H         PUBLIC        Stop_I2C
  D:00C8H         PUBLIC        T2CON
  C:1541H         PUBLIC        _Wr_I2C
  B:0080H.2       PUBLIC        SDA_I2C
  D:00D0H         PUBLIC        PSW
  C:183FH         SYMBOL        L?0023
  -------         PROC          L?0022
  -------         ENDPROC       L?0022
  C:183FH         SYMBOL        L?0023
  -------         PROC          DELAY_I2C
  C:1844H         LINE#         8
  C:1844H         LINE#         9
  C:1844H         LINE#         10
  C:1845H         LINE#         11
  C:1846H         LINE#         12
  C:1847H         LINE#         13
  C:1848H         LINE#         14
  -------         ENDPROC       DELAY_I2C
  -------         PROC          START_I2C
  C:1823H         LINE#         16
  C:1823H         LINE#         17
  C:1823H         LINE#         19
  C:1825H         LINE#         20
  C:1825H         LINE#         21
  C:1825H         LINE#         22
  C:1825H         LINE#         23
  C:1828H         LINE#         24
  C:182AH         LINE#         25
  C:182DH         LINE#         26
  C:182FH         LINE#         27
  -------         ENDPROC       START_I2C
  -------         PROC          STOP_I2C
  C:17F7H         LINE#         29
  C:17F7H         LINE#         30
  C:17F7H         LINE#         32
  C:17F9H         LINE#         33
  C:17FBH         LINE#         34
  C:17FBH         LINE#         35
  C:17FBH         LINE#         36
  C:17FEH         LINE#         37
  C:1800H         LINE#         38
  C:1803H         LINE#         39
  C:1805H         LINE#         40
  -------         ENDPROC       STOP_I2C
BL51 BANKED LINKER/LOCATER V6.22.2.0                                                  03/28/2021  08:46:47  PAGE 9


  -------         PROC          _WR_I2C
  D:0007H         SYMBOL        dat
  -------         DO            
  B:0021H.5       SYMBOL        ack
  D:0006H         SYMBOL        mask
  -------         ENDDO         
  C:1541H         LINE#         42
  C:1541H         LINE#         43
  C:1541H         LINE#         47
  C:1546H         LINE#         48
  C:1546H         LINE#         49
  C:154DH         LINE#         50
  C:154FH         LINE#         52
  C:154FH         LINE#         53
  C:154FH         LINE#         54
  C:1552H         LINE#         55
  C:1554H         LINE#         56
  C:155AH         LINE#         58
  C:155CH         LINE#         59
  C:155FH         LINE#         60
  C:1561H         LINE#         61
  C:1565H         LINE#         62
  C:1568H         LINE#         63
  C:156AH         LINE#         65
  C:156CH         LINE#         66
  -------         ENDPROC       _WR_I2C
  -------         PROC          RDNAK_I2C
  -------         DO            
  D:0006H         SYMBOL        mask
  D:0007H         SYMBOL        dat
  -------         ENDDO         
  C:15ECH         LINE#         69
  C:15ECH         LINE#         70
  C:15ECH         LINE#         74
  C:15EEH         LINE#         75
  C:15F3H         LINE#         76
  C:15F3H         LINE#         77
  C:15F6H         LINE#         78
  C:15F8H         LINE#         79
  C:1600H         LINE#         80
  C:1603H         LINE#         81
  C:1606H         LINE#         82
  C:1608H         LINE#         83
  C:160EH         LINE#         84
  C:160EH         LINE#         85
  C:160EH         LINE#         86
  C:160EH         LINE#         87
  C:1611H         LINE#         88
  C:1613H         LINE#         90
  C:1613H         LINE#         91
  -------         ENDPROC       RDNAK_I2C
  -------         PROC          RDACK_I2C
  -------         DO            
  D:0006H         SYMBOL        mask
  D:0007H         SYMBOL        dat
  -------         ENDDO         
  C:1599H         LINE#         94
BL51 BANKED LINKER/LOCATER V6.22.2.0                                                  03/28/2021  08:46:47  PAGE 10


  C:1599H         LINE#         95
  C:1599H         LINE#         99
  C:159BH         LINE#         100
  C:15A0H         LINE#         101
  C:15A0H         LINE#         102
  C:15A3H         LINE#         103
  C:15A5H         LINE#         104
  C:15ADH         LINE#         105
  C:15B0H         LINE#         106
  C:15B3H         LINE#         107
  C:15B5H         LINE#         108
  C:15BBH         LINE#         109
  C:15BDH         LINE#         110
  C:15BDH         LINE#         111
  C:15BDH         LINE#         112
  C:15C0H         LINE#         113
  C:15C2H         LINE#         115
  C:15C2H         LINE#         116
  -------         ENDPROC       RDACK_I2C
  -------         ENDMOD        DRIVE_I2C

  -------         MODULE        DRIVE_DS1302
  C:0000H         SYMBOL        _ICE_DUMMY_
  D:0080H         PUBLIC        P0
  D:0090H         PUBLIC        P1
  D:00B0H         PUBLIC        P3
  D:00E8H         PUBLIC        P4
  C:131AH         PUBLIC        _WrBurst_1302
  C:16EAH         PUBLIC        _WrByte_1302
  D:00A8H         PUBLIC        IE
  D:00B8H         PUBLIC        IP
  B:0080H.5       PUBLIC        CE_1302
  C:1489H         PUBLIC        _GetTime
  D:0098H         PUBLIC        SCON
  D:0088H         PUBLIC        TCON
  C:1259H         PUBLIC        _Init_1302
  B:0080H.4       PUBLIC        IO_1302
  C:185FH         PUBLIC        _RdSingle_1302
  B:0080H.3       PUBLIC        SCLK_1302
  C:1806H         PUBLIC        _WrSingle_1302
  D:00C8H         PUBLIC        T2CON
  C:14E7H         PUBLIC        _RdBurst_1302
  C:1614H         PUBLIC        RdByte_1302
  D:00D0H         PUBLIC        PSW
  -------         PROC          _WRBYTE_1302
  D:0007H         SYMBOL        dat
  -------         DO            
  D:0006H         SYMBOL        j
  B:0021H.5       SYMBOL        flag
  -------         ENDDO         
  C:16EAH         LINE#         12
  C:16EAH         LINE#         13
  C:16EAH         LINE#         17
  C:16F6H         LINE#         18
  C:16F6H         LINE#         19
  C:16FAH         LINE#         21
  C:16FEH         LINE#         22
BL51 BANKED LINKER/LOCATER V6.22.2.0                                                  03/28/2021  08:46:47  PAGE 11


  C:1700H         LINE#         23
  C:1702H         LINE#         25
  C:1706H         LINE#         26
  C:1709H         LINE#         27
  -------         ENDPROC       _WRBYTE_1302
  -------         PROC          RDBYTE_1302
  -------         DO            
  D:0007H         SYMBOL        dat
  D:0005H         SYMBOL        flag
  D:0006H         SYMBOL        j
  -------         ENDDO         
  C:1614H         LINE#         29
  C:1614H         LINE#         30
  C:1614H         LINE#         32
  C:1620H         LINE#         33
  C:1620H         LINE#         34
  C:1622H         LINE#         35
  C:1624H         LINE#         37
  C:1629H         LINE#         38
  C:1635H         LINE#         39
  C:1638H         LINE#         40
  C:1638H         LINE#         41
  -------         ENDPROC       RDBYTE_1302
  -------         PROC          _WRSINGLE_1302
  D:0007H         SYMBOL        addr
  D:0005H         SYMBOL        dat
  C:1806H         LINE#         43
  C:1806H         LINE#         44
  C:1806H         LINE#         45
  C:1808H         LINE#         46
  C:180BH         LINE#         47
  C:1810H         LINE#         48
  C:1812H         LINE#         49
  C:1814H         LINE#         51
  -------         ENDPROC       _WRSINGLE_1302
  -------         PROC          _RDSINGLE_1302
  D:0007H         SYMBOL        addr
  -------         DO            
  D:0007H         SYMBOL        dat
  -------         ENDDO         
  C:185FH         LINE#         53
  C:185FH         LINE#         54
  C:185FH         LINE#         57
  C:1861H         LINE#         58
  C:1864H         LINE#         59
  C:1867H         LINE#         60
  C:1869H         LINE#         62
  C:1869H         LINE#         63
  -------         ENDPROC       _RDSINGLE_1302
  -------         PROC          _WRBURST_1302
  X:0000H         SYMBOL        SetTime
  -------         DO            
  D:0005H         SYMBOL        j
  -------         ENDDO         
  C:131AH         LINE#         65
  C:1324H         LINE#         66
  C:1324H         LINE#         69
BL51 BANKED LINKER/LOCATER V6.22.2.0                                                  03/28/2021  08:46:47  PAGE 12


  C:1326H         LINE#         70
  C:132BH         LINE#         71
  C:1337H         LINE#         72
  C:1337H         LINE#         73
  C:134DH         LINE#         74
  C:1350H         LINE#         75
  C:1352H         LINE#         76
  -------         ENDPROC       _WRBURST_1302
  -------         PROC          _RDBURST_1302
  D:0001H         SYMBOL        CurrentTime
  -------         DO            
  X:0003H         SYMBOL        j
  -------         ENDDO         
  C:14E7H         LINE#         78
  C:14E7H         LINE#         79
  C:14E7H         LINE#         82
  C:14E9H         LINE#         83
  C:14EEH         LINE#         84
  C:14FEH         LINE#         85
  C:14FEH         LINE#         86
  C:1505H         LINE#         87
  C:150CH         LINE#         88
  C:1511H         LINE#         89
  C:1513H         LINE#         90
  -------         ENDPROC       _RDBURST_1302
  -------         PROC          _INIT_1302
  X:0080H         SYMBOL        SetTime
  -------         DO            
  D:0004H         SYMBOL        j
  -------         ENDDO         
  C:1259H         LINE#         92
  C:1263H         LINE#         93
  C:1263H         LINE#         96
  C:1265H         LINE#         97
  C:1267H         LINE#         99
  C:126EH         LINE#         101
  C:127AH         LINE#         102
  C:127AH         LINE#         103
  C:1296H         LINE#         104
  C:1299H         LINE#         106
  -------         ENDPROC       _INIT_1302
  -------         PROC          _GETTIME
  D:0001H         SYMBOL        CurrentTime
  -------         DO            
  X:0086H         SYMBOL        j
  -------         ENDDO         
  C:1489H         LINE#         108
  C:1489H         LINE#         109
  C:1489H         LINE#         112
  C:148BH         LINE#         113
  C:148DH         LINE#         115
  C:149EH         LINE#         116
  C:149EH         LINE#         117
  C:14ABH         LINE#         118
  C:14B2H         LINE#         119
  C:14B7H         LINE#         122
  -------         ENDPROC       _GETTIME
BL51 BANKED LINKER/LOCATER V6.22.2.0                                                  03/28/2021  08:46:47  PAGE 13


  -------         ENDMOD        DRIVE_DS1302

  -------         MODULE        DRIVE_DS18B20
  C:0000H         SYMBOL        _ICE_DUMMY_
  D:0090H         PUBLIC        P1
  D:00B0H         PUBLIC        P3
  D:00E8H         PUBLIC        P4
  D:00A8H         PUBLIC        IE
  D:00B8H         PUBLIC        IP
  C:175AH         PUBLIC        Init_DS18B20
  B:00B0H.7       PUBLIC        DS18B20
  D:0098H         PUBLIC        SCON
  D:0088H         PUBLIC        TCON
  C:1458H         PUBLIC        RdByte_18B20
  C:15C3H         PUBLIC        _WrByte_18B20
  C:1514H         PUBLIC        GetT_18B20
  D:00C8H         PUBLIC        T2CON
  C:17D6H         PUBLIC        _DelayT_10us
  D:00D0H         PUBLIC        PSW
  -------         PROC          _DELAYT_10US
  D:0007H         SYMBOL        count
  C:17D6H         LINE#         9
  C:17D6H         LINE#         10
  C:17D6H         LINE#         11
  C:17DCH         LINE#         12
  C:17DCH         LINE#         13
  C:17DDH         LINE#         14
  C:17DEH         LINE#         15
  C:17DFH         LINE#         16
  C:17E0H         LINE#         18
  C:17E1H         LINE#         19
  C:17E2H         LINE#         20
  C:17E3H         LINE#         21
  C:17E4H         LINE#         22
  C:17E6H         LINE#         23
  -------         ENDPROC       _DELAYT_10US
  -------         PROC          INIT_DS18B20
  C:175AH         LINE#         24
  C:175AH         LINE#         25
  C:175AH         LINE#         27
  C:175CH         LINE#         28
  C:1761H         LINE#         30
  C:1763H         LINE#         31
  C:1768H         LINE#         33
  C:176BH         LINE#         34
  -------         ENDPROC       INIT_DS18B20
  -------         PROC          _WRBYTE_18B20
  D:0005H         SYMBOL        dat
  -------         DO            
  D:0003H         SYMBOL        j
  B:0021H.5       SYMBOL        flag
  -------         ENDDO         
  C:15C3H         LINE#         36
  C:15C5H         LINE#         37
  C:15C5H         LINE#         41
  C:15D1H         LINE#         42
  C:15D1H         LINE#         43
BL51 BANKED LINKER/LOCATER V6.22.2.0                                                  03/28/2021  08:46:47  PAGE 14


  C:15D5H         LINE#         44
  C:15D9H         LINE#         46
  C:15DBH         LINE#         47
  C:15DCH         LINE#         48
  C:15DDH         LINE#         50
  C:15E1H         LINE#         51
  C:15E6H         LINE#         53
  C:15E8H         LINE#         54
  C:15EBH         LINE#         55
  -------         ENDPROC       _WRBYTE_18B20
  -------         PROC          RDBYTE_18B20
  -------         DO            
  D:0005H         SYMBOL        dat
  D:0003H         SYMBOL        flag
  D:0004H         SYMBOL        j
  -------         ENDDO         
  C:1458H         LINE#         56
  C:1458H         LINE#         57
  C:1458H         LINE#         59
  C:1464H         LINE#         60
  C:1464H         LINE#         61
  C:1466H         LINE#         62
  C:1467H         LINE#         63
  C:1468H         LINE#         64
  C:146AH         LINE#         65
  C:146BH         LINE#         66
  C:146CH         LINE#         68
  C:1471H         LINE#         69
  C:1476H         LINE#         72
  C:1483H         LINE#         73
  C:1486H         LINE#         74
  C:1488H         LINE#         75
  -------         ENDPROC       RDBYTE_18B20
  -------         PROC          GETT_18B20
  -------         DO            
  D:0002H         SYMBOL        Temp_L
  D:0007H         SYMBOL        Temp_H
  D:0006H         SYMBOL        Temp
  -------         ENDDO         
  C:1514H         LINE#         76
  C:1514H         LINE#         77
  C:1514H         LINE#         81
  C:1517H         LINE#         82
  C:151CH         LINE#         83
  C:1521H         LINE#         84
  C:1524H         LINE#         85
  C:1529H         LINE#         86
  C:152EH         LINE#         88
  C:1533H         LINE#         89
  C:1536H         LINE#         91
  C:1540H         LINE#         92
  C:1540H         LINE#         93
  -------         ENDPROC       GETT_18B20
  -------         ENDMOD        DRIVE_DS18B20

  -------         MODULE        DRIVE_AT24C01
  C:0000H         SYMBOL        _ICE_DUMMY_
BL51 BANKED LINKER/LOCATER V6.22.2.0                                                  03/28/2021  08:46:47  PAGE 15


  D:0090H         PUBLIC        P1
  D:00B0H         PUBLIC        P3
  D:00E8H         PUBLIC        P4
  C:109DH         PUBLIC        _WrStr_AT24C01
  C:1742H         PUBLIC        _Addressing_AT24C01
  D:00A8H         PUBLIC        IE
  D:00B8H         PUBLIC        IP
  D:0098H         PUBLIC        SCON
  D:0088H         PUBLIC        TCON
  C:14B8H         PUBLIC        _RdByte_AT24C01
  C:1639H         PUBLIC        _WrByte_AT24C01
  D:00C8H         PUBLIC        T2CON
  C:1033H         PUBLIC        _RdStr_AT24C01
  D:00D0H         PUBLIC        PSW
  -------         PROC          _WRBYTE_AT24C01
  X:0080H         SYMBOL        addr
  X:0081H         SYMBOL        dat
  C:1639H         LINE#         5
  C:1640H         LINE#         6
  C:1640H         LINE#         7
  C:1643H         LINE#         8
  C:1648H         LINE#         10
  C:164DH         LINE#         11
  C:1654H         LINE#         12
  C:165BH         LINE#         13
  -------         ENDPROC       _WRBYTE_AT24C01
  -------         PROC          _RDBYTE_AT24C01
  X:0080H         SYMBOL        addr
  -------         DO            
  X:0081H         SYMBOL        dat
  -------         ENDDO         
  C:14B8H         LINE#         16
  C:14BCH         LINE#         17
  C:14BCH         LINE#         20
  C:14BFH         LINE#         21
  C:14C4H         LINE#         23
  C:14C9H         LINE#         24
  C:14D0H         LINE#         25
  C:14D3H         LINE#         26
  C:14D8H         LINE#         27
  C:14DFH         LINE#         28
  C:14E2H         LINE#         30
  C:14E6H         LINE#         31
  -------         ENDPROC       _RDBYTE_AT24C01
  -------         PROC          _WRSTR_AT24C01
  X:0004H         SYMBOL        str
  X:0007H         SYMBOL        addr
  X:0008H         SYMBOL        len
  C:109DH         LINE#         33
  C:10AAH         LINE#         34
  C:10AAH         LINE#         35
  C:10B6H         LINE#         36
  C:10B6H         LINE#         37
  C:10B6H         LINE#         38
  C:10B6H         LINE#         39
  C:10B9H         LINE#         40
  C:10C0H         LINE#         41
BL51 BANKED LINKER/LOCATER V6.22.2.0                                                  03/28/2021  08:46:47  PAGE 16


  C:10C3H         LINE#         42
  C:10C5H         LINE#         43
  C:10CCH         LINE#         45
  C:10D8H         LINE#         46
  C:10D8H         LINE#         47
  C:10F0H         LINE#         48
  C:10F5H         LINE#         49
  C:10F9H         LINE#         50
  C:10FEH         LINE#         51
  C:10FEH         LINE#         54
  C:10FEH         LINE#         55
  C:1101H         LINE#         56
  C:1103H         LINE#         57
  -------         ENDPROC       _WRSTR_AT24C01
  -------         PROC          _RDSTR_AT24C01
  X:0009H         SYMBOL        str
  X:000CH         SYMBOL        addr
  X:000DH         SYMBOL        len
  C:1033H         LINE#         59
  C:1040H         LINE#         60
  C:1040H         LINE#         61
  C:1040H         LINE#         62
  C:1040H         LINE#         63
  C:1043H         LINE#         64
  C:104AH         LINE#         65
  C:104DH         LINE#         66
  C:104FH         LINE#         67
  C:1056H         LINE#         68
  C:1059H         LINE#         69
  C:105EH         LINE#         70
  C:106AH         LINE#         71
  C:106AH         LINE#         72
  C:1082H         LINE#         73
  C:1087H         LINE#         74
  C:1089H         LINE#         75
  C:109AH         LINE#         76
  -------         ENDPROC       _RDSTR_AT24C01
  -------         PROC          _ADDRESSING_AT24C01
  X:000EH         SYMBOL        addr
  -------         DO            
  B:0021H.6       SYMBOL        ack
  -------         ENDDO         
  C:1742H         LINE#         79
  C:1746H         LINE#         80
  C:1746H         LINE#         83
  C:1749H         LINE#         84
  C:1754H         LINE#         85
  C:1757H         LINE#         87
  C:1759H         LINE#         88
  -------         ENDPROC       _ADDRESSING_AT24C01
  -------         ENDMOD        DRIVE_AT24C01

  -------         MODULE        HONGWAI
  C:0000H         SYMBOL        _ICE_DUMMY_
  D:0090H         PUBLIC        P1
  D:00B0H         PUBLIC        P3
  D:00E8H         PUBLIC        P4
BL51 BANKED LINKER/LOCATER V6.22.2.0                                                  03/28/2021  08:46:47  PAGE 17


  B:00A8H.7       PUBLIC        EA
  D:00A8H         PUBLIC        IE
  D:00B8H         PUBLIC        IP
  C:17C3H         PUBLIC        InitIR
  D:0098H         PUBLIC        SCON
  D:0089H         PUBLIC        TMOD
  D:0088H         PUBLIC        TCON
  B:0088H.1       PUBLIC        IE0
  C:1395H         PUBLIC        T_Count
  B:0090H.1       PUBLIC        Led1
  B:00A8H.1       PUBLIC        ET0
  D:008CH         PUBLIC        TH0
  B:00A8H.2       PUBLIC        EX1
  B:0088H.2       PUBLIC        IT1
  D:008AH         PUBLIC        TL0
  B:00B0H.3       PUBLIC        IR_in
  B:0088H.4       PUBLIC        TR0
  C:0E3DH         PUBLIC        Int0
  D:00C8H         PUBLIC        T2CON
  X:000FH         PUBLIC        Data_IR
  B:0021H.7       PUBLIC        Flag_IR
  D:00D0H         PUBLIC        PSW
  -------         PROC          INITIR
  C:17C3H         LINE#         21
  C:17C3H         LINE#         22
  C:17C3H         LINE#         23
  C:17C5H         LINE#         24
  C:17C8H         LINE#         25
  C:17CBH         LINE#         26
  C:17CDH         LINE#         27
  C:17CFH         LINE#         28
  C:17D1H         LINE#         29
  C:17D3H         LINE#         30
  C:17D5H         LINE#         31
  -------         ENDPROC       INITIR
  -------         PROC          L?0016
  -------         ENDPROC       L?0016
  -------         PROC          T_COUNT
  B:0021H.4       SYMBOL        flag
  C:1395H         LINE#         32
  C:1395H         LINE#         33
  C:1395H         LINE#         34
  C:1398H         LINE#         35
  C:139AH         LINE#         36
  C:139CH         LINE#         38
  C:13AFH         LINE#         39
  C:13B1H         LINE#         40
  C:13BFH         LINE#         41
  -------         ENDPROC       T_COUNT
  -------         PROC          INT0
  -------         DO            
  D:0082H         SYMBOL        i
  X:0065H         SYMBOL        T_Low
  D:0002H         SYMBOL        T_High
  -------         ENDDO         
  C:0E3DH         LINE#         43
  C:0E58H         LINE#         48
BL51 BANKED LINKER/LOCATER V6.22.2.0                                                  03/28/2021  08:46:47  PAGE 18


  C:0E5DH         LINE#         49
  C:0E64H         LINE#         51
  C:0E92H         LINE#         53
  C:0E95H         LINE#         54
  C:0E95H         LINE#         55
  C:0E9AH         LINE#         56
  C:0EA1H         LINE#         58
  C:0ECEH         LINE#         59
  C:0EE5H         LINE#         60
  C:0F04H         LINE#         61
  C:0F0DH         LINE#         62
  C:0F0FH         LINE#         63
  C:0F11H         LINE#         65
  C:0F13H         LINE#         66
  C:0F15H         LINE#         67
  -------         ENDPROC       INT0
  -------         ENDMOD        HONGWAI

  -------         MODULE        MAINV1_1
  C:0000H         SYMBOL        _ICE_DUMMY_
  X:001AH         PUBLIC        str_E
  D:0080H         PUBLIC        P0
  D:0090H         PUBLIC        P1
  D:00A0H         PUBLIC        P2
  D:00B0H         PUBLIC        P3
  D:00E8H         PUBLIC        P4
  B:00A8H.7       PUBLIC        EA
  C:1815H         PUBLIC        Init_FM
  X:001EH         PUBLIC        str1
  D:00A8H         PUBLIC        IE
  X:0028H         PUBLIC        str_T
  C:0C35H         PUBLIC        MotorCode
  B:0080H.0       PUBLIC        FM
  X:002DH         PUBLIC        Temp
  B:00A8H.4       PUBLIC        ES
  B:0080H.6       PUBLIC        DU
  D:00B8H         PUBLIC        IP
  C:0BBDH         PUBLIC        DisPlayRYlogo
  B:0098H.0       PUBLIC        RI
  X:002FH         PUBLIC        Sec
  X:0031H         PUBLIC        flag
  B:0080H.7       PUBLIC        WE
  B:0098H.1       PUBLIC        TI
  X:0033H         PUBLIC        Dir
  D:00CBH         PUBLIC        RCAP2H
  C:0496H         PUBLIC        _Disp_time
  D:00CAH         PUBLIC        RCAP2L
  C:0026H         PUBLIC        main
  B:0021H.0       PUBLIC        NRFRevStart
  X:0034H         PUBLIC        Key
  X:0035H         PUBLIC        count
  C:13C0H         PUBLIC        _Disp_PowerUp_Times
  C:0B83H         PUBLIC        table_D
  D:0099H         PUBLIC        SBUF
  X:0037H         PUBLIC        flag_led
  D:0098H         PUBLIC        SCON
  C:179AH         PUBLIC        Uart_init
BL51 BANKED LINKER/LOCATER V6.22.2.0                                                  03/28/2021  08:46:47  PAGE 19


  D:0089H         PUBLIC        TMOD
  D:0088H         PUBLIC        TCON
  X:0038H         PUBLIC        dat
  C:0B99H         PUBLIC        SetTime
  C:11BFH         PUBLIC        _ValueToString
  C:0B94H         PUBLIC        table_W
  C:0C3DH         SYMBOL        _?ix1000
  C:0C43H         SYMBOL        _?ix1001
  X:0039H         PUBLIC        val
  X:003AH         PUBLIC        Key_Str
  B:0021H.1       PUBLIC        M_Play
  X:003DH         PUBLIC        busy
  B:00A8H.3       PUBLIC        ET1
  B:0021H.2       PUBLIC        Dir_M
  D:008DH         PUBLIC        TH1
  D:00CDH         PUBLIC        TH2
  X:003EH         PUBLIC        T_flag
  D:008BH         PUBLIC        TL1
  D:00CCH         PUBLIC        TL2
  X:003FH         PUBLIC        T
  X:0040H         PUBLIC        Buf_LED
  C:0953H         PUBLIC        timer1
  C:186AH         PUBLIC        Init_ShuMa
  B:0088H.6       PUBLIC        TR1
  C:0BA0H         PUBLIC        DisPlayUrat
  X:0044H         PUBLIC        str
  B:00E8H.3       PUBLIC        JDQ
  B:0021H.3       PUBLIC        init_1602_done_flag
  C:1353H         PUBLIC        _Send_String
  D:00C8H         PUBLIC        T2CON
  B:00A0H.4       PUBLIC        M_A
  B:00A0H.5       PUBLIC        M_B
  B:00A0H.6       PUBLIC        M_C
  C:16C9H         PUBLIC        Uart_r
  B:00A0H.7       PUBLIC        M_D
  C:1664H         PUBLIC        _delayms
  X:005BH         PUBLIC        CurrentTime
  D:00D0H         PUBLIC        PSW
  C:0003H         PUBLIC        Init_T1
  -------         PROC          MAIN
  -------         DO            
  X:0067H         SYMBOL        RxDate
  X:006DH         SYMBOL        i
  X:006EH         SYMBOL        RxDate10b
  X:0074H         SYMBOL        RxStr
  -------         ENDDO         
  C:0026H         LINE#         109
  C:0026H         LINE#         110
  C:0026H         LINE#         112
  C:0039H         LINE#         114
  C:004CH         LINE#         116
  C:004FH         LINE#         118
  C:0052H         LINE#         119
  C:0055H         LINE#         120
  C:0058H         LINE#         122
  C:005BH         LINE#         124
  C:005EH         LINE#         125
BL51 BANKED LINKER/LOCATER V6.22.2.0                                                  03/28/2021  08:46:47  PAGE 20


  C:0067H         LINE#         127
  C:0070H         LINE#         128
  C:0077H         LINE#         131
  C:0077H         LINE#         132
  C:0077H         LINE#         133
  C:007EH         LINE#         134
  C:007EH         LINE#         135
  C:0080H         LINE#         136
  C:0081H         LINE#         137
  C:0083H         LINE#         138
  C:0086H         LINE#         139
  C:0089H         LINE#         140
  C:0090H         LINE#         141
  C:0097H         LINE#         142
  C:0099H         LINE#         143
  C:00A2H         LINE#         145
  C:00A2H         LINE#         148
  C:00B6H         LINE#         150
  C:00B6H         LINE#         151
  C:00B8H         LINE#         152
  C:00CEH         LINE#         153
  C:00DBH         LINE#         154
  C:00DBH         LINE#         155
  C:00DEH         LINE#         156
  C:00DEH         LINE#         159
  C:00E0H         LINE#         160
  C:00EAH         LINE#         161
  C:00ECH         LINE#         162
  C:010DH         LINE#         163
  C:011EH         LINE#         164
  C:0122H         LINE#         165
  C:0126H         LINE#         166
  C:0129H         LINE#         169
  C:0136H         LINE#         171
  C:013FH         LINE#         172
  C:0143H         LINE#         173
  C:014CH         LINE#         174
  C:0155H         LINE#         176
  C:015EH         LINE#         177
  C:0167H         LINE#         178
  C:0170H         LINE#         179
  C:0179H         LINE#         185
  C:0182H         LINE#         186
  C:018BH         LINE#         187
  C:0194H         LINE#         188
  C:01A1H         LINE#         189
  C:01AAH         LINE#         190
  C:01AAH         LINE#         191
  C:01B0H         LINE#         192
  C:01B0H         LINE#         194
  C:01B3H         LINE#         195
  C:01BCH         LINE#         198
  C:01CFH         LINE#         199
  C:01CFH         LINE#         200
  C:01DAH         LINE#         201
  C:01F0H         LINE#         202
  C:0216H         LINE#         204
BL51 BANKED LINKER/LOCATER V6.22.2.0                                                  03/28/2021  08:46:47  PAGE 21


  C:022FH         LINE#         206
  C:0252H         LINE#         207
  C:0282H         LINE#         208
  C:0290H         LINE#         209
  C:029BH         LINE#         210
  C:02A3H         LINE#         211
  C:02A7H         LINE#         214
  C:02B4H         LINE#         217
  C:02B4H         LINE#         219
  C:02BAH         LINE#         220
  C:02BAH         LINE#         221
  C:02BCH         LINE#         222
  C:02D2H         LINE#         223
  C:0318H         LINE#         224
  C:0318H         LINE#         225
  C:0328H         LINE#         226
  C:0338H         LINE#         227
  C:035AH         LINE#         228
  C:036EH         LINE#         229
  C:0382H         LINE#         230
  C:0394H         LINE#         231
  C:03A4H         LINE#         232
  C:03B4H         LINE#         233
  C:03C6H         LINE#         234
  C:03D6H         LINE#         235
  C:03E6H         LINE#         236
  C:03F6H         LINE#         237
  C:0406H         LINE#         238
  C:0416H         LINE#         239
  C:0426H         LINE#         240
  C:0436H         LINE#         241
  C:0446H         LINE#         242
  C:0456H         LINE#         243
  C:0466H         LINE#         244
  C:0476H         LINE#         245
  C:0486H         LINE#         246
  C:0493H         LINE#         247
  C:0493H         LINE#         250
  C:0493H         LINE#         251
  -------         ENDPROC       MAIN
  -------         PROC          INIT_SHUMA
  C:186AH         LINE#         254
  C:186AH         LINE#         255
  C:186AH         LINE#         256
  C:186DH         LINE#         257
  C:186FH         LINE#         258
  C:1871H         LINE#         260
  -------         ENDPROC       INIT_SHUMA
  -------         PROC          INIT_FM
  C:1815H         LINE#         262
  C:1815H         LINE#         263
  C:1815H         LINE#         264
  C:1815H         LINE#         265
  C:1818H         LINE#         266
  C:181AH         LINE#         267
  C:181DH         LINE#         268
  C:181DH         LINE#         269
BL51 BANKED LINKER/LOCATER V6.22.2.0                                                  03/28/2021  08:46:47  PAGE 22


  C:1820H         LINE#         270
  C:1822H         LINE#         271
  -------         ENDPROC       INIT_FM
  -------         PROC          _VALUETOSTRING
  X:0013H         SYMBOL        str
  D:0005H         SYMBOL        val
  C:11BFH         LINE#         274
  C:11C9H         LINE#         275
  C:11C9H         LINE#         277
  C:11DAH         LINE#         278
  C:11F0H         LINE#         279
  C:1202H         LINE#         280
  -------         ENDPROC       _VALUETOSTRING
  -------         PROC          INIT_T1
  C:0003H         LINE#         284
  C:0003H         LINE#         285
  C:0003H         LINE#         286
  C:0006H         LINE#         287
  C:0009H         LINE#         288
  C:000CH         LINE#         289
  C:000EH         LINE#         290
  C:0010H         LINE#         291
  C:0012H         LINE#         292
  -------         ENDPROC       INIT_T1
  -------         PROC          TIMER1
  -------         DO            
  X:0016H         SYMBOL        T_count
  X:0018H         SYMBOL        index
  D:0003H         SYMBOL        tmp
  X:0019H         SYMBOL        flag_led
  -------         ENDDO         
  C:0953H         LINE#         295
  C:096CH         LINE#         299
  C:096EH         LINE#         303
  C:0971H         LINE#         304
  C:0974H         LINE#         306
  C:097FH         LINE#         310
  C:0984H         LINE#         311
  C:0984H         LINE#         312
  C:0987H         LINE#         313
  C:0987H         LINE#         314
  C:0991H         LINE#         315
  C:0993H         LINE#         316
  C:0995H         LINE#         318
  C:09A6H         LINE#         319
  C:09A8H         LINE#         320
  C:09AAH         LINE#         322
  C:09BBH         LINE#         323
  C:09BDH         LINE#         324
  C:09BFH         LINE#         326
  C:09CAH         LINE#         327
  C:09D5H         LINE#         328
  C:09D9H         LINE#         329
  C:09D9H         LINE#         330
  C:09D9H         LINE#         333
  C:09E8H         LINE#         334
  C:09E8H         LINE#         336
BL51 BANKED LINKER/LOCATER V6.22.2.0                                                  03/28/2021  08:46:47  PAGE 23


  C:09ECH         LINE#         337
  C:09F0H         LINE#         340
  C:0A01H         LINE#         342
  C:0A0DH         LINE#         343
  C:0A0DH         LINE#         344
  C:0A0FH         LINE#         345
  C:0A11H         LINE#         347
  C:0A11H         LINE#         348
  C:0A14H         LINE#         349
  C:0A14H         LINE#         351
  C:0A1FH         LINE#         353
  C:0A2FH         LINE#         354
  C:0A48H         LINE#         355
  C:0A61H         LINE#         356
  C:0A7AH         LINE#         358
  C:0A91H         LINE#         360
  C:0A91H         LINE#         363
  C:0A94H         LINE#         364
  C:0A94H         LINE#         365
  C:0A97H         LINE#         366
  C:0A99H         LINE#         367
  C:0AB8H         LINE#         368
  C:0ABDH         LINE#         370
  C:0AC1H         LINE#         371
  C:0AC6H         LINE#         372
  C:0ACAH         LINE#         373
  C:0ACEH         LINE#         374
  C:0AD0H         LINE#         375
  C:0AD5H         LINE#         376
  C:0ADFH         LINE#         377
  C:0AE1H         LINE#         378
  C:0AE1H         LINE#         380
  -------         ENDPROC       TIMER1
  -------         PROC          UART_R
  C:16C9H         LINE#         382
  C:16D2H         LINE#         384
  C:16D5H         LINE#         385
  C:16D5H         LINE#         386
  C:16D7H         LINE#         390
  C:16DAH         LINE#         391
  C:16DAH         LINE#         392
  C:16DDH         LINE#         393
  C:16DDH         LINE#         394
  C:16DFH         LINE#         395
  C:16E3H         LINE#         397
  C:16E3H         LINE#         398
  -------         ENDPROC       UART_R
  -------         PROC          UART_INIT
  C:179AH         LINE#         401
  C:179AH         LINE#         402
  C:179AH         LINE#         403
  C:179DH         LINE#         408
  C:17A3H         LINE#         409
  C:17A9H         LINE#         410
  C:17ACH         LINE#         415
  C:17AEH         LINE#         416
  -------         ENDPROC       UART_INIT
BL51 BANKED LINKER/LOCATER V6.22.2.0                                                  03/28/2021  08:46:47  PAGE 24


  -------         PROC          _SEND_STRING
  X:0080H         SYMBOL        s
  C:1353H         LINE#         418
  C:135DH         LINE#         419
  C:135DH         LINE#         420
  C:136CH         LINE#         421
  C:136CH         LINE#         422
  C:1371H         LINE#         423
  C:1373H         LINE#         424
  C:1389H         LINE#         425
  C:138BH         LINE#         426
  -------         ENDPROC       _SEND_STRING
  C:1660H         SYMBOL        L?0074
  -------         PROC          L?0073
  -------         ENDPROC       L?0073
  C:1660H         SYMBOL        L?0074
  -------         PROC          _DELAYMS
  D:0006H         SYMBOL        ms
  -------         DO            
  D:0006H         SYMBOL        x
  D:0004H         SYMBOL        y
  -------         ENDDO         
  C:1664H         LINE#         428
  C:1664H         LINE#         429
  C:1664H         LINE#         431
  C:166DH         LINE#         432
  C:1681H         LINE#         433
  -------         ENDPROC       _DELAYMS
  -------         PROC          _DISP_TIME
  X:0080H         SYMBOL        str
  X:0083H         SYMBOL        CurrentTime
  C:0496H         LINE#         435
  C:04A0H         LINE#         436
  C:04A0H         LINE#         438
  C:04A2H         LINE#         439
  C:04AEH         LINE#         440
  C:04B0H         LINE#         441
  C:04BFH         LINE#         442
  C:04D1H         LINE#         443
  C:04F8H         LINE#         444
  C:051EH         LINE#         445
  C:0526H         LINE#         446
  C:054DH         LINE#         447
  C:0573H         LINE#         448
  C:057BH         LINE#         449
  C:05A2H         LINE#         450
  C:05C8H         LINE#         451
  C:05CFH         LINE#         452
  C:05F6H         LINE#         453
  C:061CH         LINE#         454
  C:0624H         LINE#         455
  C:064BH         LINE#         456
  C:0671H         LINE#         457
  C:0679H         LINE#         458
  C:069EH         LINE#         459
  C:06A9H         LINE#         460
  C:06B0H         LINE#         461
BL51 BANKED LINKER/LOCATER V6.22.2.0                                                  03/28/2021  08:46:47  PAGE 25


  C:06D7H         LINE#         462
  C:06FDH         LINE#         463
  C:0704H         LINE#         465
  C:070BH         LINE#         466
  C:0721H         LINE#         467
  -------         ENDPROC       _DISP_TIME
  -------         PROC          _DISP_POWERUP_TIMES
  D:0007H         SYMBOL        dat
  C:13C0H         LINE#         471
  C:13C0H         LINE#         472
  C:13C0H         LINE#         475
  C:13CAH         LINE#         476
  C:13D9H         LINE#         477
  C:13E4H         LINE#         478
  C:13E7H         LINE#         481
  -------         ENDPROC       _DISP_POWERUP_TIMES
  -------         ENDMOD        MAINV1_1

  -------         MODULE        ZIFU_SHOW
  C:0000H         SYMBOL        _ICE_DUMMY_
  C:0D49H         PUBLIC        _init_Gram
  C:0C49H         PUBLIC        zifu
  C:1104H         PUBLIC        _write_CGRAM
  C:1688H         PUBLIC        _delaymsGram
  C:1682H         SYMBOL        L?0037
  -------         PROC          L?0036
  -------         ENDPROC       L?0036
  C:1682H         SYMBOL        L?0037
  -------         PROC          _DELAYMSGRAM
  D:0006H         SYMBOL        ms
  -------         DO            
  D:0006H         SYMBOL        x
  D:0004H         SYMBOL        y
  -------         ENDDO         
  C:1688H         LINE#         44
  C:1688H         LINE#         45
  C:1688H         LINE#         47
  C:1691H         LINE#         48
  C:16A5H         LINE#         49
  -------         ENDPROC       _DELAYMSGRAM
  -------         PROC          _INIT_GRAM
  X:0080H         SYMBOL        T
  X:0081H         SYMBOL        T1
  -------         DO            
  X:0082H         SYMBOL        L
  X:0083H         SYMBOL        i
  X:0084H         SYMBOL        MS
  -------         ENDDO         
  C:0D49H         LINE#         51
  C:0D50H         LINE#         52
  C:0D50H         LINE#         53
  C:0D54H         LINE#         54
  C:0D58H         LINE#         55
  C:0D64H         LINE#         56
  C:0D64H         LINE#         57
  C:0D68H         LINE#         58
  C:0D71H         LINE#         59
BL51 BANKED LINKER/LOCATER V6.22.2.0                                                  03/28/2021  08:46:47  PAGE 26


  C:0D71H         LINE#         60
  C:0D76H         LINE#         61
  C:0D7BH         LINE#         62
  C:0D96H         LINE#         63
  C:0D99H         LINE#         64
  C:0D9EH         LINE#         66
  C:0DA3H         LINE#         67
  C:0DA8H         LINE#         68
  C:0DC3H         LINE#         69
  C:0DC6H         LINE#         70
  C:0DCBH         LINE#         71
  C:0DCDH         LINE#         72
  C:0DD2H         LINE#         73
  C:0DDEH         LINE#         74
  C:0DDEH         LINE#         75
  C:0DE3H         LINE#         76
  C:0DE8H         LINE#         77
  C:0E04H         LINE#         78
  C:0E07H         LINE#         79
  C:0E0CH         LINE#         81
  C:0E11H         LINE#         82
  C:0E16H         LINE#         83
  C:0E32H         LINE#         84
  C:0E35H         LINE#         85
  C:0E3AH         LINE#         86
  C:0E3CH         LINE#         87
  C:0E3CH         LINE#         88
  -------         ENDPROC       _INIT_GRAM
  -------         PROC          _WRITE_CGRAM
  X:0085H         SYMBOL        row
  -------         DO            
  X:0086H         SYMBOL        i
  X:0087H         SYMBOL        j
  -------         ENDDO         
  C:1104H         LINE#         90
  C:1108H         LINE#         91
  C:1108H         LINE#         93
  C:110DH         LINE#         94
  C:111DH         LINE#         95
  C:112DH         LINE#         96
  C:1163H         LINE#         97
  -------         ENDPROC       _WRITE_CGRAM
  -------         ENDMOD        ZIFU_SHOW

  -------         MODULE        DRIVE_NRF24L01
  C:0000H         SYMBOL        _ICE_DUMMY_
  D:0090H         PUBLIC        P1
  D:00B0H         PUBLIC        P3
  D:00E8H         PUBLIC        P4
  C:1830H         PUBLIC        _NRFReadReg
  B:00E8H.4       PUBLIC        CE
  D:00A8H         PUBLIC        IE
  C:1731H         PUBLIC        _NRFWriteReg
  C:129AH         PUBLIC        _NRFRevDate
  D:00B8H         PUBLIC        IP
  B:0020H.6       PUBLIC        RX_DR
  B:0020H.5       PUBLIC        TX_DS
BL51 BANKED LINKER/LOCATER V6.22.2.0                                                  03/28/2021  08:46:47  PAGE 27


  C:17E7H         PUBLIC        NRF24L01Int
  B:00E8H.1       PUBLIC        SCLK
  C:16A6H         PUBLIC        CheckACK
  C:1426H         PUBLIC        _NRFReadRxDate
  D:0098H         PUBLIC        SCON
  D:0088H         PUBLIC        TCON
  B:00E8H.2       PUBLIC        MISO
  B:00E8H.5       PUBLIC        MOSI
  C:12E8H         PUBLIC        _NRFWriteTxDate
  C:156DH         PUBLIC        NRFSetRXMode
  D:0020H         PUBLIC        sta
  C:0016H         PUBLIC        TxAddr
  C:13FEH         PUBLIC        _NRFSPI
  B:00E8H.0       PUBLIC        CSN
  D:00C8H         PUBLIC        T2CON
  C:1164H         PUBLIC        _NRFSetTxMode
  B:00E8H.6       PUBLIC        IRQ
  B:0020H.4       PUBLIC        MAX_RT
  C:170AH         PUBLIC        _Delay
  D:00D0H         PUBLIC        PSW
  -------         PROC          _DELAY
  D:0006H         SYMBOL        t
  -------         DO            
  D:0006H         SYMBOL        x
  D:0004H         SYMBOL        y
  -------         ENDDO         
  C:170AH         LINE#         20
  C:170AH         LINE#         21
  C:170AH         LINE#         23
  C:1713H         LINE#         24
  C:1727H         LINE#         25
  -------         ENDPROC       _DELAY
  -------         PROC          L?0037
  -------         ENDPROC       L?0037
  -------         PROC          _NRFSPI
  D:0007H         SYMBOL        date
  -------         DO            
  D:0006H         SYMBOL        i
  -------         ENDDO         
  C:13FEH         LINE#         27
  C:13FEH         LINE#         28
  C:13FEH         LINE#         30
  C:140AH         LINE#         31
  C:140AH         LINE#         32
  C:140EH         LINE#         33
  C:1412H         LINE#         35
  C:1414H         LINE#         36
  C:1418H         LINE#         37
  C:141AH         LINE#         38
  C:141DH         LINE#         39
  C:1420H         LINE#         40
  C:1422H         LINE#         41
  C:1425H         LINE#         42
  C:1425H         LINE#         43
  -------         ENDPROC       _NRFSPI
  -------         PROC          NRF24L01INT
  C:17E7H         LINE#         45
BL51 BANKED LINKER/LOCATER V6.22.2.0                                                  03/28/2021  08:46:47  PAGE 28


  C:17E7H         LINE#         46
  C:17E7H         LINE#         47
  C:17EEH         LINE#         48
  C:17F0H         LINE#         49
  C:17F2H         LINE#         50
  C:17F4H         LINE#         51
  C:17F6H         LINE#         52
  -------         ENDPROC       NRF24L01INT
  -------         PROC          _NRFREADREG
  D:0007H         SYMBOL        RegAddr
  -------         DO            
  D:0007H         SYMBOL        BackDate
  -------         ENDDO         
  C:1830H         LINE#         54
  C:1830H         LINE#         55
  C:1830H         LINE#         57
  C:1832H         LINE#         58
  C:1835H         LINE#         59
  C:183AH         LINE#         60
  C:183CH         LINE#         61
  C:183CH         LINE#         62
  -------         ENDPROC       _NRFREADREG
  -------         PROC          L?0038
  -------         ENDPROC       L?0038
  -------         PROC          _NRFWRITEREG
  D:0007H         SYMBOL        RegAddr
  D:0005H         SYMBOL        date
  -------         DO            
  D:0004H         SYMBOL        BackDate
  -------         ENDDO         
  C:1731H         LINE#         64
  C:1731H         LINE#         65
  C:1731H         LINE#         67
  C:1733H         LINE#         68
  C:1738H         LINE#         69
  C:173DH         LINE#         70
  C:173FH         LINE#         71
  C:1741H         LINE#         72
  -------         ENDPROC       _NRFWRITEREG
  -------         PROC          _NRFREADRXDATE
  D:0007H         SYMBOL        RegAddr
  X:0084H         SYMBOL        RxDate
  X:0087H         SYMBOL        DateLen
  -------         DO            
  D:0005H         SYMBOL        BackDate
  D:0004H         SYMBOL        i
  -------         ENDDO         
  C:1426H         LINE#         74
  C:1428H         LINE#         75
  C:1428H         LINE#         77
  C:1428H         LINE#         78
  C:142DH         LINE#         79
  C:1438H         LINE#         80
  C:1438H         LINE#         81
  C:1450H         LINE#         82
  C:1453H         LINE#         83
  C:1455H         LINE#         84
BL51 BANKED LINKER/LOCATER V6.22.2.0                                                  03/28/2021  08:46:47  PAGE 29


  C:1457H         LINE#         85
  -------         ENDPROC       _NRFREADRXDATE
  -------         PROC          L?0036
  -------         ENDPROC       L?0036
  -------         PROC          _NRFWRITETXDATE
  D:0007H         SYMBOL        RegAddr
  X:0081H         SYMBOL        TxDate
  X:0084H         SYMBOL        DateLen
  -------         DO            
  D:0005H         SYMBOL        BackDate
  D:0004H         SYMBOL        i
  -------         ENDDO         
  C:12E8H         LINE#         87
  C:12EAH         LINE#         88
  C:12EAH         LINE#         90
  C:12EAH         LINE#         91
  C:12EFH         LINE#         92
  C:12FAH         LINE#         93
  C:12FAH         LINE#         94
  C:1312H         LINE#         95
  C:1315H         LINE#         96
  C:1317H         LINE#         97
  C:1319H         LINE#         98
  -------         ENDPROC       _NRFWRITETXDATE
  -------         PROC          _NRFSETTXMODE
  X:0062H         SYMBOL        TxDate
  C:1164H         LINE#         100
  C:116EH         LINE#         101
  C:116EH         LINE#         102
  C:1170H         LINE#         103
  C:1180H         LINE#         104
  C:1183H         LINE#         105
  C:1197H         LINE#         107
  C:1197H         LINE#         108
  C:119AH         LINE#         109
  C:11A1H         LINE#         110
  C:11A8H         LINE#         111
  C:11AFH         LINE#         112
  C:11B6H         LINE#         113
  C:11B8H         LINE#         114
  -------         ENDPROC       _NRFSETTXMODE
  -------         PROC          NRFSETRXMODE
  C:156DH         LINE#         118
  C:156DH         LINE#         119
  C:156DH         LINE#         120
  C:156FH         LINE#         121
  C:1572H         LINE#         122
  C:1572H         LINE#         123
  C:1575H         LINE#         124
  C:157CH         LINE#         125
  C:1583H         LINE#         126
  C:1589H         LINE#         127
  C:1590H         LINE#         128
  C:1592H         LINE#         129
  -------         ENDPROC       NRFSETRXMODE
  -------         PROC          CHECKACK
  C:16A6H         LINE#         132
BL51 BANKED LINKER/LOCATER V6.22.2.0                                                  03/28/2021  08:46:47  PAGE 30


  C:16A6H         LINE#         133
  C:16A6H         LINE#         134
  C:16ADH         LINE#         135
  C:16B3H         LINE#         136
  C:16B3H         LINE#         137
  C:16BAH         LINE#         138
  C:16BCH         LINE#         139
  C:16C1H         LINE#         140
  C:16C3H         LINE#         141
  C:16C6H         LINE#         142
  C:16C6H         LINE#         144
  C:16C8H         LINE#         145
  -------         ENDPROC       CHECKACK
  -------         PROC          _NRFREVDATE
  X:0080H         SYMBOL        RevDate
  -------         DO            
  D:0003H         SYMBOL        RevFlags
  -------         ENDDO         
  C:129AH         LINE#         148
  C:12A4H         LINE#         149
  C:12A4H         LINE#         150
  C:12A6H         LINE#         151
  C:12ADH         LINE#         152
  C:12B0H         LINE#         153
  C:12B0H         LINE#         154
  C:12B2H         LINE#         155
  C:12C6H         LINE#         156
  C:12C8H         LINE#         158
  C:12CFH         LINE#         160
  C:12D1H         LINE#         161
  C:12D6H         LINE#         162
  C:12D8H         LINE#         163
  C:12D8H         LINE#         164
  C:12DAH         LINE#         165
  -------         ENDPROC       _NRFREVDATE
  -------         ENDMOD        DRIVE_NRF24L01

  -------         MODULE        ?C?COPY
  C:0807H         PUBLIC        ?C?COPY
  -------         ENDMOD        ?C?COPY

  -------         MODULE        ?C?CLDPTR
  C:082DH         PUBLIC        ?C?CLDPTR
  -------         ENDMOD        ?C?CLDPTR

  -------         MODULE        ?C?CLDOPTR
  C:0846H         PUBLIC        ?C?CLDOPTR
  -------         ENDMOD        ?C?CLDOPTR

  -------         MODULE        ?C?CSTPTR
  C:0873H         PUBLIC        ?C?CSTPTR
  -------         ENDMOD        ?C?CSTPTR

  -------         MODULE        ?C?CSTOPTR
  C:0885H         PUBLIC        ?C?CSTOPTR
  -------         ENDMOD        ?C?CSTOPTR

BL51 BANKED LINKER/LOCATER V6.22.2.0                                                  03/28/2021  08:46:47  PAGE 31


  -------         MODULE        ?C?IMUL
  C:08A7H         PUBLIC        ?C?IMUL
  -------         ENDMOD        ?C?IMUL

  -------         MODULE        ?C?UIDIV
  C:08B9H         PUBLIC        ?C?UIDIV
  -------         ENDMOD        ?C?UIDIV

  -------         MODULE        ?C?ULSHR
  C:090EH         PUBLIC        ?C?ULSHR
  -------         ENDMOD        ?C?ULSHR

  -------         MODULE        ?C?LSTPDATA
  C:0921H         PUBLIC        ?C?LSTPDATA
  -------         ENDMOD        ?C?LSTPDATA

  -------         MODULE        ?C?CCASE
  C:092DH         PUBLIC        ?C?CCASE
  -------         ENDMOD        ?C?CCASE

*** WARNING L16: UNCALLED SEGMENT, IGNORED FOR OVERLAY PROCESS
    SEGMENT: ?PR?_WRBURST_1302?DRIVE_DS1302

*** WARNING L16: UNCALLED SEGMENT, IGNORED FOR OVERLAY PROCESS
    SEGMENT: ?PR?_RDBURST_1302?DRIVE_DS1302

*** WARNING L16: UNCALLED SEGMENT, IGNORED FOR OVERLAY PROCESS
    SEGMENT: ?PR?_WRSTR_AT24C01?DRIVE_AT24C01

*** WARNING L16: UNCALLED SEGMENT, IGNORED FOR OVERLAY PROCESS
    SEGMENT: ?PR?_RDSTR_AT24C01?DRIVE_AT24C01

*** WARNING L16: UNCALLED SEGMENT, IGNORED FOR OVERLAY PROCESS
    SEGMENT: ?PR?_ADDRESSING_AT24C01?DRIVE_AT24C01

*** WARNING L16: UNCALLED SEGMENT, IGNORED FOR OVERLAY PROCESS
    SEGMENT: ?PR?_VALUETOSTRING?MAINV1_1

*** WARNING L16: UNCALLED SEGMENT, IGNORED FOR OVERLAY PROCESS
    SEGMENT: ?PR?_NRFSETTXMODE?DRIVE_NRF24L01

*** WARNING L16: UNCALLED SEGMENT, IGNORED FOR OVERLAY PROCESS
    SEGMENT: ?PR?CHECKACK?DRIVE_NRF24L01

Program Size: data=11.0 xdata=138 code=6253
LINK/LOCATE RUN COMPLETE.  8 WARNING(S),  0 ERROR(S)
